// Jest Snapshot v1, https://goo.gl/fbAQLP

exports[`Item should have contents 1`] = `
<Foo>
  <div
    className="cs-foo"
  >
    Foo-new
  </div>
</Foo>
`;
